# serializer version: 1
# name: TestSettingsGenerator.test_generate_minimal
  '''
  {}
  
  '''
# ---
# name: TestSettingsGenerator.test_generate_with_mcp
  '''
  {
    "mcpServers": {
      "memory": {
        "command": "npx",
        "args": [
          "@anthropic/mcp-memory"
        ],
        "env": {
          "MEMORY_PATH": "${workspaceFolder}/.memory"
        }
      },
      "external-api": {
        "type": "http",
        "url": "https://api.example.com/mcp",
        "env": {
          "API_KEY": "${env:EXAMPLE_API_KEY}"
        }
      }
    }
  }
  
  '''
# ---
